// Jest Snapshot v1, https://goo.gl/fbAQLP

exports[`should render NotFoundPage correctly 1`] = `
<div
  className="box-layout"
>
  <div
    className="box-layout__box"
  >
    <h1
      className="box-layout__title"
    >
      404!
    </h1>
    <Link
      className="button button--link"
      replace={false}
      to="/"
    >
      Go Home
    </Link>
  </div>
</div>
`;
